node.exe : ⚠ Warning: 
Next.js inferred your 
workspace root, but it 
may not be correct.
At line:1 char:1
+ & "C:\Program 
Files\nodejs/node.exe" 
"C:\Program 
Files\nodejs/node_mo ...
+ ~~~~~~~~~~~~~~~~~~~~~~~
~~~~~~~~~~~~~~~~~~~~~~~~~
~~~~~~~~~~~~~~~~~~~~~
    + CategoryInfo       
       : NotSpecified:   
  (⚠ Warning: Next...n   
 ot be correct.:Strin    
g) [], RemoteExcepti    
on
    + FullyQualifiedErro 
   rId : NativeCommandE  
  rror
 
 We detected multiple 
lockfiles and selected 
the directory of D:\Minex
Coins\package-lock.json 
as the root directory.
 To silence this 
warning, set 
`turbopack.root` in your 
Next.js config, or 
consider removing one of 
the lockfiles if it's 
not needed.
   See https://nextjs.org
/docs/app/api-reference/c
onfig/next-config-js/turb
opack#root-directory for 
more information.
 Detected additional 
lockfiles: 
   * D:\MinexCoins\fronte
nd\package-lock.json

▲ Next.js 16.1.6 (Turbopack)
- Environments: .env.local

  Creating an optimized production build ...

> Build error occurred
Error: Turbopack build 
failed with 4 errors:
./frontend/src/app/dashbo
ard/page.tsx:1:10
Ecmascript file had an 
error
[0m[31m[1m>[22m[39m
[90m 1 |[39m 
[36mimport[39m { 
useEffect[33m,[39m 
useState } 
[36mfrom[39m [32m'reac
t'[39m[33m;[39m
 [90m   |[39m          
[31m[1m^[22m[39m[31m
[1m^[22m[39m[31m[1m^
[22m[39m[31m[1m^[22m
[39m[31m[1m^[22m[39m
[31m[1m^[22m[39m[31m
[1m^[22m[39m[31m[1m^
[22m[39m[31m[1m^[22m
[39m
 [90m 2 |[39m 
[36mimport[39m { 
useAuth } [36mfrom[39m 
[32m'@/context/AuthConte
xt'[39m[33m;[39m
 [90m 3 |[39m 
[36mimport[39m { [33mW
allet[39m[33m,[39m [3
3mTrendingUp[39m[33m,[
39m [33mHistory[39m } 
[36mfrom[39m [32m'luci
de-react'[39m[33m;[39m
 [90m 4 |[39m 
[36mimport[39m { 
useBinanceTicker } 
[36mfrom[39m [32m'@/ho
oks/useBinanceTicker'[39
m[33m;[39m[0m

You're importing a 
component that needs 
`useEffect`. This React 
Hook only works in a 
Client Component. To 
fix, mark the file (or 
its parent) with the 
`"use client"` directive.

 Learn more: https://next
js.org/docs/app/api-refer
ence/directives/use-clien
t




./frontend/src/app/dashbo
ard/page.tsx:1:21
Ecmascript file had an 
error
[0m[31m[1m>[22m[39m
[90m 1 |[39m 
[36mimport[39m { 
useEffect[33m,[39m 
useState } 
[36mfrom[39m [32m'reac
t'[39m[33m;[39m
 [90m   |[39m          
           [31m[1m^[22
m[39m[31m[1m^[22m[39
m[31m[1m^[22m[39m[31
m[1m^[22m[39m[31m[1m
^[22m[39m[31m[1m^[22
m[39m[31m[1m^[22m[39
m[31m[1m^[22m[39m
 [90m 2 |[39m 
[36mimport[39m { 
useAuth } [36mfrom[39m 
[32m'@/context/AuthConte
xt'[39m[33m;[39m
 [90m 3 |[39m 
[36mimport[39m { [33mW
allet[39m[33m,[39m [3
3mTrendingUp[39m[33m,[
39m [33mHistory[39m } 
[36mfrom[39m [32m'luci
de-react'[39m[33m;[39m
 [90m 4 |[39m 
[36mimport[39m { 
useBinanceTicker } 
[36mfrom[39m [32m'@/ho
oks/useBinanceTicker'[39
m[33m;[39m[0m

You're importing a 
component that needs 
`useState`. This React 
Hook only works in a 
Client Component. To 
fix, mark the file (or 
its parent) with the 
`"use client"` directive.

 Learn more: https://next
js.org/docs/app/api-refer
ence/directives/use-clien
t




./frontend/src/hooks/useB
inanceTicker.ts:1:20
Ecmascript file had an 
error
[0m[31m[1m>[22m[39m
[90m 1 |[39m 
[36mimport[39m { 
useState[33m,[39m 
useEffect } 
[36mfrom[39m [32m'reac
t'[39m[33m;[39m
 [90m   |[39m          
          [31m[1m^[22m
[39m[31m[1m^[22m[39m
[31m[1m^[22m[39m[31m
[1m^[22m[39m[31m[1m^
[22m[39m[31m[1m^[22m
[39m[31m[1m^[22m[39m
[31m[1m^[22m[39m[31m
[1m^[22m[39m
 [90m 2 |[39m 
[36mimport[39m api 
[36mfrom[39m [32m'@/se
rvices/api'[39m[33m;[3
9m
 [90m 3 |[39m
 [90m 4 |[39m 
[36mexport[39m 
[36minterface[39m [33m
BinancePriceData[39m 
{[0m

You're importing a 
component that needs 
`useEffect`. This React 
Hook only works in a 
Client Component. To 
fix, mark the file (or 
its parent) with the 
`"use client"` directive.

 Learn more: https://next
js.org/docs/app/api-refer
ence/directives/use-clien
t



Import traces:
  Server Component:
    ./frontend/src/hooks/
useBinanceTicker.ts
    ./frontend/src/app/da
shboard/page.tsx

  Client Component 
Browser:
    ./frontend/src/hooks/
useBinanceTicker.ts 
[Client Component 
Browser]
    ./frontend/src/app/ad
min/page.tsx [Client 
Component Browser]
    ./frontend/src/app/ad
min/page.tsx [Server 
Component]

  Client Component SSR:
    ./frontend/src/hooks/
useBinanceTicker.ts 
[Client Component SSR]
    ./frontend/src/app/ad
min/page.tsx [Client 
Component SSR]
    ./frontend/src/app/ad
min/page.tsx [Server 
Component]


./frontend/src/hooks/useB
inanceTicker.ts:1:10
Ecmascript file had an 
error
[0m[31m[1m>[22m[39m
[90m 1 |[39m 
[36mimport[39m { 
useState[33m,[39m 
useEffect } 
[36mfrom[39m [32m'reac
t'[39m[33m;[39m
 [90m   |[39m          
[31m[1m^[22m[39m[31m
[1m^[22m[39m[31m[1m^
[22m[39m[31m[1m^[22m
[39m[31m[1m^[22m[39m
[31m[1m^[22m[39m[31m
[1m^[22m[39m[31m[1m^
[22m[39m
 [90m 2 |[39m 
[36mimport[39m api 
[36mfrom[39m [32m'@/se
rvices/api'[39m[33m;[3
9m
 [90m 3 |[39m
 [90m 4 |[39m 
[36mexport[39m 
[36minterface[39m [33m
BinancePriceData[39m 
{[0m

You're importing a 
component that needs 
`useState`. This React 
Hook only works in a 
Client Component. To 
fix, mark the file (or 
its parent) with the 
`"use client"` directive.

 Learn more: https://next
js.org/docs/app/api-refer
ence/directives/use-clien
t



Import traces:
  Server Component:
    ./frontend/src/hooks/
useBinanceTicker.ts
    ./frontend/src/app/da
shboard/page.tsx

  Client Component 
Browser:
    ./frontend/src/hooks/
useBinanceTicker.ts 
[Client Component 
Browser]
    ./frontend/src/app/ad
min/page.tsx [Client 
Component Browser]
    ./frontend/src/app/ad
min/page.tsx [Server 
Component]

  Client Component SSR:
    ./frontend/src/hooks/
useBinanceTicker.ts 
[Client Component SSR]
    ./frontend/src/app/ad
min/page.tsx [Client 
Component SSR]
    ./frontend/src/app/ad
min/page.tsx [Server 
Component]


    at <unknown> (./front
end/src/app/dashboard/pag
e.tsx:1:10)
    at <unknown> (./front
end/src/app/dashboard/pag
e.tsx:1:21)
    at <unknown> (./front
end/src/hooks/useBinanceT
icker.ts:1:20)
    at <unknown> (./front
end/src/hooks/useBinanceT
icker.ts:1:10)
